// Jest Snapshot v1, https://goo.gl/fbAQLP

exports[`renders Home screen correctly 1`] = `
<RCTScrollView
  contentInsetAdjustmentBehavior="automatic"
  style={
    Object {
      "backgroundColor": "#F3F3F3",
    }
  }
>
  <View>
    <View
      style={
        Object {
          "backgroundColor": "#FFF",
        }
      }
    >
      <Text
        style={
          Array [
            Object {
              "fontSize": 24,
              "fontWeight": "600",
            },
            Object {
              "margin": 30,
              "textAlign": "center",
            },
          ]
        }
      >
        Super Sweet Mobile App
      </Text>
      <Text
        style={
          Object {
            "color": "#566573",
            "fontSize": 16,
            "textAlign": "center",
          }
        }
      >
        Create an account and log in
      </Text>
      <Text
        style={
          Object {
            "color": "#566573",
            "fontSize": 16,
            "textAlign": "center",
          }
        }
      >
        to view all the 
        <Text
          style={
            Object {
              "fontWeight": "600",
            }
          }
        >
          super sweet
        </Text>
         
        content
      </Text>
      <View
        accessibilityRole="button"
        accessible={true}
        collapsable={false}
        focusable={true}
        nativeID="animatedComponent"
        onClick={[Function]}
        onResponderGrant={[Function]}
        onResponderMove={[Function]}
        onResponderRelease={[Function]}
        onResponderTerminate={[Function]}
        onResponderTerminationRequest={[Function]}
        onStartShouldSetResponder={[Function]}
        style={
          Object {
            "opacity": 1,
          }
        }
      >
        <View
          style={
            Array [
              Object {},
            ]
          }
        >
          <Text
            style={
              Array [
                Object {
                  "color": "#007AFF",
                  "fontSize": 18,
                  "margin": 8,
                  "textAlign": "center",
                },
              ]
            }
          >
            Login
          </Text>
        </View>
      </View>
      <View
        accessibilityRole="button"
        accessible={true}
        collapsable={false}
        focusable={true}
        nativeID="animatedComponent"
        onClick={[Function]}
        onResponderGrant={[Function]}
        onResponderMove={[Function]}
        onResponderRelease={[Function]}
        onResponderTerminate={[Function]}
        onResponderTerminationRequest={[Function]}
        onStartShouldSetResponder={[Function]}
        style={
          Object {
            "opacity": 1,
          }
        }
      >
        <View
          style={
            Array [
              Object {},
            ]
          }
        >
          <Text
            style={
              Array [
                Object {
                  "color": "#007AFF",
                  "fontSize": 18,
                  "margin": 8,
                  "textAlign": "center",
                },
              ]
            }
          >
            Sign up
          </Text>
        </View>
      </View>
    </View>
  </View>
</RCTScrollView>
`;
