// Jest Snapshot v1, https://goo.gl/fbAQLP

exports[`renders app correctly 1`] = `
<RNCSafeAreaProvider
  onInsetsChange={[Function]}
  style={
    Array [
      Object {
        "flex": 1,
      },
      undefined,
    ]
  }
>
  <RNSScreenStack
    style={
      Object {
        "flex": 1,
      }
    }
  >
    <RNSScreen
      collapsable={false}
      forwardedRef={[Function]}
      nativeID="animatedComponent"
      onAppear={[Function]}
      onDisappear={[Function]}
      onDismissed={[Function]}
      onTransitionProgress={[Function]}
      onWillDisappear={[Function]}
      replaceAnimation="push"
      stackPresentation="push"
      style={
        Object {
          "bottom": 0,
          "left": 0,
          "position": "absolute",
          "right": 0,
          "top": 0,
        }
      }
    >
      <RNSScreenStackHeaderConfig
        backButtonInCustomView={false}
        backgroundColor="rgb(255, 255, 255)"
        color="rgb(0, 122, 255)"
        direction="ltr"
        disableBackButtonMenu={false}
        hidden={false}
        hideBackButton={false}
        largeTitleHideShadow={false}
        title="Home"
        titleColor="rgb(28, 28, 30)"
        topInsetEnabled={false}
        translucent={false}
      />
      <View
        style={
          Array [
            Object {
              "flex": 1,
            },
            Object {
              "backgroundColor": "rgb(242, 242, 242)",
            },
            undefined,
          ]
        }
      >
        <RCTScrollView
          contentInsetAdjustmentBehavior="automatic"
          style={
            Object {
              "backgroundColor": "#F3F3F3",
            }
          }
        >
          <View>
            <View
              style={
                Object {
                  "backgroundColor": "#FFF",
                }
              }
            >
              <Text
                style={
                  Array [
                    Object {
                      "fontSize": 24,
                      "fontWeight": "600",
                    },
                    Object {
                      "margin": 30,
                      "textAlign": "center",
                    },
                  ]
                }
              >
                Super Sweet Mobile App
              </Text>
              <Text
                style={
                  Object {
                    "color": "#566573",
                    "fontSize": 16,
                    "textAlign": "center",
                  }
                }
              >
                Create an account and log in
              </Text>
              <Text
                style={
                  Object {
                    "color": "#566573",
                    "fontSize": 16,
                    "textAlign": "center",
                  }
                }
              >
                to view all the 
                <Text
                  style={
                    Object {
                      "fontWeight": "600",
                    }
                  }
                >
                  super sweet
                </Text>
                 
                content
              </Text>
              <View
                accessibilityRole="button"
                accessible={true}
                collapsable={false}
                focusable={true}
                nativeID="animatedComponent"
                onClick={[Function]}
                onResponderGrant={[Function]}
                onResponderMove={[Function]}
                onResponderRelease={[Function]}
                onResponderTerminate={[Function]}
                onResponderTerminationRequest={[Function]}
                onStartShouldSetResponder={[Function]}
                style={
                  Object {
                    "opacity": 1,
                  }
                }
              >
                <View
                  style={
                    Array [
                      Object {},
                    ]
                  }
                >
                  <Text
                    style={
                      Array [
                        Object {
                          "color": "#007AFF",
                          "fontSize": 18,
                          "margin": 8,
                          "textAlign": "center",
                        },
                      ]
                    }
                  >
                    Login
                  </Text>
                </View>
              </View>
              <View
                accessibilityRole="button"
                accessible={true}
                collapsable={false}
                focusable={true}
                nativeID="animatedComponent"
                onClick={[Function]}
                onResponderGrant={[Function]}
                onResponderMove={[Function]}
                onResponderRelease={[Function]}
                onResponderTerminate={[Function]}
                onResponderTerminationRequest={[Function]}
                onStartShouldSetResponder={[Function]}
                style={
                  Object {
                    "opacity": 1,
                  }
                }
              >
                <View
                  style={
                    Array [
                      Object {},
                    ]
                  }
                >
                  <Text
                    style={
                      Array [
                        Object {
                          "color": "#007AFF",
                          "fontSize": 18,
                          "margin": 8,
                          "textAlign": "center",
                        },
                      ]
                    }
                  >
                    Sign up
                  </Text>
                </View>
              </View>
            </View>
          </View>
        </RCTScrollView>
      </View>
    </RNSScreen>
  </RNSScreenStack>
</RNCSafeAreaProvider>
`;
