// Jest Snapshot v1, https://goo.gl/fbAQLP

exports[`renders RegisterForm correctly 1`] = `
<View
  style={
    Object {
      "display": "flex",
      "flex": 1,
      "justifyContent": "center",
    }
  }
>
  <Text
    style={
      Object {
        "fontSize": 40,
        "marginBottom": 40,
        "marginTop": 40,
        "textAlign": "center",
      }
    }
  >
    Hi !
  </Text>
  <Text
    style={
      Object {
        "fontSize": 40,
        "marginBottom": 40,
        "marginTop": 40,
        "textAlign": "center",
      }
    }
  >
    You have logged in
  </Text>
  <Text
    style={
      Object {
        "fontSize": 40,
        "marginBottom": 40,
        "marginTop": 40,
        "textAlign": "center",
      }
    }
  >
    
  </Text>
  <View
    accessibilityRole="button"
    accessible={true}
    collapsable={false}
    focusable={true}
    nativeID="animatedComponent"
    onClick={[Function]}
    onResponderGrant={[Function]}
    onResponderMove={[Function]}
    onResponderRelease={[Function]}
    onResponderTerminate={[Function]}
    onResponderTerminationRequest={[Function]}
    onStartShouldSetResponder={[Function]}
    style={
      Object {
        "opacity": 1,
      }
    }
  >
    <View
      style={
        Array [
          Object {},
        ]
      }
    >
      <Text
        style={
          Array [
            Object {
              "color": "#007AFF",
              "fontSize": 18,
              "margin": 8,
              "textAlign": "center",
            },
          ]
        }
      >
        Am I logged in?
      </Text>
    </View>
  </View>
  <View
    accessibilityRole="button"
    accessible={true}
    collapsable={false}
    focusable={true}
    nativeID="animatedComponent"
    onClick={[Function]}
    onResponderGrant={[Function]}
    onResponderMove={[Function]}
    onResponderRelease={[Function]}
    onResponderTerminate={[Function]}
    onResponderTerminationRequest={[Function]}
    onStartShouldSetResponder={[Function]}
    style={
      Object {
        "opacity": 1,
      }
    }
  >
    <View
      style={
        Array [
          Object {},
        ]
      }
    >
      <Text
        style={
          Array [
            Object {
              "color": "#007AFF",
              "fontSize": 18,
              "margin": 8,
              "textAlign": "center",
            },
          ]
        }
      >
        Log out
      </Text>
    </View>
  </View>
</View>
`;
